// Jest Snapshot v1, https://goo.gl/fbAQLP

exports[`ChecksumIndicator renders 1`] = `
<DocumentFragment>
  <div
    class="font-text text-base text-snowStorm-0"
  >
    <span>
      Checksum: 
    </span>
    <span
      class="opacity-30"
    >
      (N/A)
    </span>
  </div>
</DocumentFragment>
`;
