// Jest Snapshot v1, https://goo.gl/fbAQLP

exports[`TaskEditTable renders 1`] = `
<DocumentFragment>
  <div
    class="flex flex-col gap-2"
  >
    <div
      class="ant-table-wrapper css-dev-only-do-not-override-18iikkb"
    >
      <div
        class="ant-spin-nested-loading css-dev-only-do-not-override-18iikkb"
      >
        <div
          class="ant-spin-container"
        >
          <div
            class="ant-table ant-table-empty"
          >
            <div
              class="ant-table-container"
            >
              <div
                class="ant-table-content"
              >
                <table
                  style="table-layout: auto;"
                >
                  <colgroup>
                    <col
                      style="width: 50px;"
                    />
                    <col
                      style="width: 100px;"
                    />
                    <col />
                    <col />
                    <col
                      style="width: 70px;"
                    />
                  </colgroup>
                  <thead
                    class="ant-table-thead"
                  >
                    <tr>
                      <td
                        class="ant-table-cell"
                        style="text-align: center;"
                      />
                      <th
                        class="ant-table-cell"
                        scope="col"
                      >
                        Icon
                      </th>
                      <th
                        class="ant-table-cell"
                        scope="col"
                      >
                        Name
                      </th>
                      <th
                        class="ant-table-cell"
                        scope="col"
                      >
                        Tags
                      </th>
                      <td
                        class="ant-table-cell"
                      />
                    </tr>
                  </thead>
                  <tbody
                    class="ant-table-tbody"
                  >
                    <tr
                      aria-describedby="DndDescribedBy-0"
                      aria-disabled="false"
                      aria-pressed="true"
                      aria-roledescription="sortable"
                      class="ant-table-placeholder"
                      role="button"
                      style="position: relative; z-index: 9999; transition: transform 0ms linear;"
                      tabindex="0"
                    >
                      <td
                        class="ant-table-cell"
                        colspan="5"
                      >
                        <div
                          class="css-dev-only-do-not-override-18iikkb ant-empty ant-empty-normal"
                        >
                          <div
                            class="ant-empty-image"
                          >
                            <svg
                              height="41"
                              viewBox="0 0 64 41"
                              width="64"
                              xmlns="http://www.w3.org/2000/svg"
                            >
                              <g
                                fill="none"
                                fill-rule="evenodd"
                                transform="translate(0 1)"
                              >
                                <ellipse
                                  cx="32"
                                  cy="33"
                                  fill="#f5f5f5"
                                  rx="32"
                                  ry="7"
                                />
                                <g
                                  fill-rule="nonzero"
                                  stroke="#d9d9d9"
                                >
                                  <path
                                    d="M55 12.76L44.854 1.258C44.367.474 43.656 0 42.907 0H21.093c-.749 0-1.46.474-1.947 1.257L9 12.761V22h46v-9.24z"
                                  />
                                  <path
                                    d="M41.613 15.931c0-1.605.994-2.93 2.227-2.931H55v18.137C55 33.26 53.68 35 52.05 35h-40.1C10.32 35 9 33.259 9 31.137V13h11.16c1.233 0 2.227 1.323 2.227 2.928v.022c0 1.605 1.005 2.901 2.237 2.901h14.752c1.232 0 2.237-1.308 2.237-2.913v-.007z"
                                    fill="#fafafa"
                                  />
                                </g>
                              </g>
                            </svg>
                          </div>
                          <div
                            class="ant-empty-description"
                          >
                            No data
                          </div>
                        </div>
                      </td>
                    </tr>
                  </tbody>
                </table>
              </div>
            </div>
          </div>
        </div>
      </div>
    </div>
    <div
      id="DndDescribedBy-0"
      style="display: none;"
    >
      
    To pick up a draggable item, press the space bar.
    While dragging, use the arrow keys to move the item.
    Press space again to drop the item in its new position, or press escape to cancel.
  
    </div>
    <div
      aria-atomic="true"
      aria-live="assertive"
      id="DndLiveRegion-0"
      role="status"
      style="position: fixed; width: 1px; height: 1px; margin: -1px; border: 0px; padding: 0px; overflow: hidden; clip-path: inset(100%); white-space: nowrap;"
    />
    <button
      class="font-text font-base text-snowStorm-2 px-3 py-1 rounded-lg transition flex gap-1 items-center justify-center bg-polarNight-3 hover:bg-frost-3 active:bg-frost-2"
    >
      <span
        aria-label="plus-circle"
        class="anticon anticon-plus-circle"
        role="img"
      >
        <svg
          aria-hidden="true"
          data-icon="plus-circle"
          fill="currentColor"
          focusable="false"
          height="1em"
          viewBox="64 64 896 896"
          width="1em"
        >
          <path
            d="M696 480H544V328c0-4.4-3.6-8-8-8h-48c-4.4 0-8 3.6-8 8v152H328c-4.4 0-8 3.6-8 8v48c0 4.4 3.6 8 8 8h152v152c0 4.4 3.6 8 8 8h48c4.4 0 8-3.6 8-8V544h152c4.4 0 8-3.6 8-8v-48c0-4.4-3.6-8-8-8z"
          />
          <path
            d="M512 64C264.6 64 64 264.6 64 512s200.6 448 448 448 448-200.6 448-448S759.4 64 512 64zm0 820c-205.4 0-372-166.6-372-372s166.6-372 372-372 372 166.6 372 372-166.6 372-372 372z"
          />
        </svg>
      </span>
    </button>
  </div>
</DocumentFragment>
`;
