// Jest Snapshot v1, https://goo.gl/fbAQLP

exports[`ProfileIcon renders 1`] = `
<DocumentFragment>
  <div
    class="w-14 h-14 rounded-xl bg-polarNight-0 flex items-center justify-center relative"
  >
    <div
      class="max-h-full aspect-square"
    >
      <img
        alt="profile"
        src=""
      />
    </div>
    <div
      class="w-10/12 h-1 rounded-lg absolute bottom-0"
    />
    <div
      class="w-8 h-8 bg-polarNight-3 rounded-full absolute -top-4 -right-4 flex items-center justify-center"
    >
      <span
        class="font-text text-snowStorm-2 text-base"
      >
        0
      </span>
    </div>
  </div>
</DocumentFragment>
`;
