// Jest Snapshot v1, https://goo.gl/fbAQLP

exports[`TextButton renders 1`] = `
<DocumentFragment>
  <button
    class="font-text font-base text-snowStorm-2 bg-polarNight-3 px-3 py-1 rounded-lg hover:bg-polarNight-2 active:bg-polarNight-1 transition"
  >
    Hello World
  </button>
</DocumentFragment>
`;
