// Jest Snapshot v1, https://goo.gl/fbAQLP

exports[`Tile renders 1`] = `
<DocumentFragment>
  <div
    class="max-w-[150px] max-h-[150px] aspect-square rounded-2xl bg-polarNight-3 flex flex-col items-center py-2 gap-1 cursor-pointer hover:bg-polarNight-2 active:bg-polarNight-1 hover:opacity-90 active:opacity-80 transition select-none"
  >
    <div
      class="grow h-2/3"
    >
      <div
        class="text-center w-full h-full flex flex-col justify-center"
      >
        <span
          class="undefined font-text text-snowStorm-2 text-xs sm:text-sm md:text-base lg:text-lg leading-snug inline-block w-full max-h-full rounded px-2 py-1"
        />
      </div>
    </div>
    <div
      class="w-1/3 h-1/3"
    >
      <img
        alt=""
        src=""
      />
    </div>
  </div>
</DocumentFragment>
`;
