// Jest Snapshot v1, https://goo.gl/fbAQLP

exports[`GameControls renders 1`] = `
<DocumentFragment>
  <div
    class="w-full flex flex-col gap-2 items-start"
  >
    <div
      class="grid grid-cols-[auto_auto] gap-2 w-full"
    >
      <span
        class="font-text text-snowStorm-2 text-base"
      >
        Seed
      </span>
      <div
        class="flex gap-2"
      >
        <input
          class="w-full font-text text-base text-snowStorm-2 outline-none border-none shadow-none bg-polarNight-0 rounded px-2 py-1 focus:bg-polarNight-2 transition"
          type="number"
          value="1337"
        />
        <button
          class="font-text font-base text-snowStorm-2 px-3 py-1 rounded-lg transition flex gap-1 items-center justify-center bg-polarNight-3 hover:bg-frost-3 active:bg-frost-2"
        >
          R
        </button>
      </div>
      <span
        class="font-text text-snowStorm-2 text-base"
      >
        Include Tasks
      </span>
      <div
        class="ant-select w-full css-dev-only-do-not-override-18iikkb ant-select-multiple ant-select-allow-clear ant-select-show-arrow ant-select-show-search"
      >
        <div
          class="ant-select-selector"
        >
          <div
            class="ant-select-selection-overflow"
          >
            <div
              class="ant-select-selection-overflow-item ant-select-selection-overflow-item-suffix"
              style="opacity: 1;"
            >
              <div
                class="ant-select-selection-search"
                style="width: 0px;"
              >
                <input
                  aria-autocomplete="list"
                  aria-controls="rc_select_TEST_OR_SSR_list"
                  aria-expanded="false"
                  aria-haspopup="listbox"
                  aria-label="Search"
                  aria-owns="rc_select_TEST_OR_SSR_list"
                  autocomplete="off"
                  class="ant-select-selection-search-input"
                  id="rc_select_TEST_OR_SSR"
                  role="combobox"
                  type="search"
                  value=""
                />
                <span
                  aria-hidden="true"
                  class="ant-select-selection-search-mirror"
                >
                   
                </span>
              </div>
            </div>
          </div>
          <span
            class="ant-select-selection-placeholder"
          >
            Tags
          </span>
        </div>
        <span
          aria-hidden="true"
          class="ant-select-arrow"
          style="user-select: none;"
          unselectable="on"
        >
          <span
            aria-label="down"
            class="anticon anticon-down ant-select-suffix"
            role="img"
          >
            <svg
              aria-hidden="true"
              data-icon="down"
              fill="currentColor"
              focusable="false"
              height="1em"
              viewBox="64 64 896 896"
              width="1em"
            >
              <path
                d="M884 256h-75c-5.1 0-9.9 2.5-12.9 6.6L512 654.2 227.9 262.6c-3-4.1-7.8-6.6-12.9-6.6h-75c-6.5 0-10.3 7.4-6.5 12.7l352.6 486.1c12.8 17.6 39 17.6 51.7 0l352.6-486.1c3.9-5.3.1-12.7-6.4-12.7z"
              />
            </svg>
          </span>
        </span>
      </div>
      <span
        class="font-text text-snowStorm-2 text-base"
      >
        Exclude Tasks
      </span>
      <div
        class="ant-select w-full css-dev-only-do-not-override-18iikkb ant-select-multiple ant-select-allow-clear ant-select-show-arrow ant-select-show-search"
      >
        <div
          class="ant-select-selector"
        >
          <div
            class="ant-select-selection-overflow"
          >
            <div
              class="ant-select-selection-overflow-item ant-select-selection-overflow-item-suffix"
              style="opacity: 1;"
            >
              <div
                class="ant-select-selection-search"
                style="width: 0px;"
              >
                <input
                  aria-autocomplete="list"
                  aria-controls="rc_select_TEST_OR_SSR_list"
                  aria-expanded="false"
                  aria-haspopup="listbox"
                  aria-label="Search"
                  aria-owns="rc_select_TEST_OR_SSR_list"
                  autocomplete="off"
                  class="ant-select-selection-search-input"
                  id="rc_select_TEST_OR_SSR"
                  role="combobox"
                  type="search"
                  value=""
                />
                <span
                  aria-hidden="true"
                  class="ant-select-selection-search-mirror"
                >
                   
                </span>
              </div>
            </div>
          </div>
          <span
            class="ant-select-selection-placeholder"
          >
            Tags
          </span>
        </div>
        <span
          aria-hidden="true"
          class="ant-select-arrow"
          style="user-select: none;"
          unselectable="on"
        >
          <span
            aria-label="down"
            class="anticon anticon-down ant-select-suffix"
            role="img"
          >
            <svg
              aria-hidden="true"
              data-icon="down"
              fill="currentColor"
              focusable="false"
              height="1em"
              viewBox="64 64 896 896"
              width="1em"
            >
              <path
                d="M884 256h-75c-5.1 0-9.9 2.5-12.9 6.6L512 654.2 227.9 262.6c-3-4.1-7.8-6.6-12.9-6.6h-75c-6.5 0-10.3 7.4-6.5 12.7l352.6 486.1c12.8 17.6 39 17.6 51.7 0l352.6-486.1c3.9-5.3.1-12.7-6.4-12.7z"
              />
            </svg>
          </span>
        </span>
      </div>
      <span
        class="font-text text-snowStorm-2 text-base"
      >
        Lockout?
      </span>
      <input
        class="w-7 h-7 outline-none border-none rounded bg-polarNight-0 text-frost-3 focus:border-none cursor-pointer active:text-frost-2 transition"
        type="checkbox"
      />
      <span
        class="font-text text-snowStorm-2 text-base"
      >
        Time Limit
      </span>
      <input
        class="w-full font-text text-base text-snowStorm-2 outline-none border-none shadow-none bg-polarNight-0 rounded px-2 py-1 focus:bg-polarNight-2 transition"
        type="number"
        value="0"
      />
    </div>
  </div>
</DocumentFragment>
`;
