// Jest Snapshot v1, https://goo.gl/fbAQLP

exports[`Base64Icon renders 1`] = `
<DocumentFragment>
  <img
    alt=""
    class="w-full h-full object-contain"
    src=""
  />
</DocumentFragment>
`;
